> Task :app:compileJava
> Task :app:processResources NO-SOURCE
> Task :app:classes
> Task :app:jar
> Task :app:startScripts
> Task :app:distTar
> Task :app:distZip
> Task :app:assemble
> Task :app:compileTestJava NO-SOURCE
> Task :app:processTestResources NO-SOURCE
> Task :app:testClasses UP-TO-DATE
> Task :app:test NO-SOURCE
> Task :app:check UP-TO-DATE
> Task :app:build

BUILD SUCCESSFUL in 11s
5 actionable tasks: 5 executed
> Task :app:compileJava UP-TO-DATE
> Task :app:processResources NO-SOURCE
> Task :app:classes UP-TO-DATE

> Task :app:run
SLF4J: Class path contains multiple SLF4J bindings.
SLF4J: Found binding in [jar:file:/home/bussiere/Workspace/CustomProjet/Speech/libs/marytts-builder-5.2-jar-with-dependencies.jar!/org/slf4j/impl/StaticLoggerBinder.class]
SLF4J: Found binding in [jar:file:/home/bussiere/.gradle/caches/modules-2/files-2.1/org.slf4j/slf4j-log4j12/1.6.1/bd245d6746cdd4e6203e976e21d597a46f115802/slf4j-log4j12-1.6.1.jar!/org/slf4j/impl/StaticLoggerBinder.class]
SLF4J: See http://www.slf4j.org/codes.html#multiple_bindings for an explanation.
[cmu-rms-hsmm, dfki-poppy-hsmm, cmu-slt-hsmm]

BUILD SUCCESSFUL in 4s
2 actionable tasks: 1 executed, 1 up-to-date
